// Jest Snapshot v1, https://goo.gl/fbAQLP

exports[`Name component should match snapshot 1`] = `
<Text
  style={
    [
      {
        "fontSize": 30,
        "fontWeight": "bold",
      },
      undefined,
    ]
  }
  testID="card-name-test-id"
/>
`;
